stepping bb from pc: 800045f8 until pc: 800045f8
stepping bb from pc: 8000561c until pc: 800056b8
stepping bb from pc: 80001110 until pc: 80001110
stepping bb from pc: 8000561c until pc: 800056b8
stepping bb from pc: 80002bc4 until pc: 80002bc4
stepping bb from pc: 8000561c until pc: 800056b8
frontend thread panicked: Any { .. }
